
                            < M A T L A B (R) >
                  Copyright 1984-2018 The MathWorks, Inc.
                   R2018a (9.4.0.813654) 64-bit (glnxa64)
                             February 23, 2018

 
To get started, type one of these: helpwin, helpdesk, or demo.
For product information, visit www.mathworks.com.
 
>> >> >> >> >> >> >> [Warning: Directory already exists.] 
>> >> >> >> >> 正在读取：0601.nc
正在读取：0602.nc
正在读取：0603.nc
正在读取：0604.nc
正在读取：0605.nc
正在读取：0606.nc
正在读取：0607.nc
正在读取：0608.nc
正在读取：0609.nc
正在读取：0610.nc
正在读取：0611.nc
正在读取：0612.nc
正在读取：0613.nc
正在读取：0614.nc
正在读取：0615.nc
正在读取：0616.nc
正在读取：0617.nc
正在读取：0618.nc
正在读取：0619.nc
正在读取：0620.nc
正在读取：0621.nc
正在读取：0622.nc
正在读取：0623.nc
正在读取：0624.nc
正在读取：0625.nc
正在读取：0626.nc
正在读取：0627.nc
正在读取：0628.nc
正在读取：0629.nc
正在读取：0630.nc
正在读取：0701.nc
正在读取：0702.nc
正在读取：0703.nc
正在读取：0704.nc
正在读取：0705.nc
正在读取：0706.nc
正在读取：0707.nc
正在读取：0708.nc
正在读取：0709.nc
正在读取：0710.nc
正在读取：0711.nc
正在读取：0712.nc
正在读取：0713.nc
正在读取：0714.nc
正在读取：0715.nc
正在读取：0716.nc
正在读取：0717.nc
正在读取：0718.nc
正在读取：0719.nc
正在读取：0720.nc
正在读取：0721.nc
正在读取：0722.nc
正在读取：0723.nc
正在读取：0724.nc
正在读取：0725.nc
正在读取：0726.nc
正在读取：0727.nc
正在读取：0728.nc
正在读取：0729.nc
正在读取：0730.nc
正在读取：0731.nc
正在读取：0801.nc
正在读取：0802.nc
正在读取：0803.nc
正在读取：0804.nc
正在读取：0805.nc
正在读取：0806.nc
正在读取：0807.nc
正在读取：0808.nc
正在读取：0809.nc
正在读取：0810.nc
正在读取：0811.nc
正在读取：0812.nc
正在读取：0813.nc
正在读取：0814.nc
正在读取：0815.nc
正在读取：0816.nc
正在读取：0817.nc
正在读取：0818.nc
正在读取：0819.nc
正在读取：0820.nc
正在读取：0821.nc
正在读取：0822.nc
正在读取：0823.nc
正在读取：0824.nc
正在读取：0825.nc
正在读取：0826.nc
正在读取：0827.nc
正在读取：0828.nc
正在读取：0829.nc
正在读取：0830.nc
正在读取：0831.nc
>> >> >> >> >> >> =========================================
>>        6~8月夏季 RMSE 统计结果
>> =========================================
>> 气候态 平均误差 : 0.0471 ℃
>> 气候态 最大误差 : 0.0654 ℃
>> -----------------------------------------
>> P90分位 平均误差 : 0.0686 ℃
>> P90分位 最大误差 : 0.0928 ℃
>> =========================================
>> >> >> >> >> >> 
real	1m26.655s
user	0m15.339s
sys	0m4.998s
